// Jest Snapshot v1, https://goo.gl/fbAQLP

exports[`SSG - Redirects Creates a redirects file 1`] = `
"
/other    /       301
"
`;

exports[`SSR - Redirects Creates a redirects file 1`] = `
"
/other    /       301
"
`;
